2026-08-16T10:37:38.1229321Z Current runner version: '2.336.0'
2026-08-16T10:37:38.1264686Z ##[group]Runner Image Provisioner
2026-08-16T10:37:38.1266073Z Hosted Compute Agent
2026-08-16T10:37:38.1267253Z Version: 20260729.566
2026-08-16T10:37:38.1268364Z Commit: cf7153fe6e25b664e8693c24944bf2b00355d109
2026-08-16T10:37:38.1269645Z Build Date: 2026-07-29T19:17:02Z
2026-08-16T10:37:38.1271262Z Worker ID: {55b1282d-8dd6-4c8d-9e9f-6b7415d22877}
2026-08-16T10:37:38.1272594Z Azure Region: eastus
2026-08-16T10:37:38.1273566Z ##[endgroup]
2026-08-16T10:37:38.1276025Z ##[group]Operating System
2026-08-16T10:37:38.1277051Z Ubuntu
2026-08-16T10:37:38.1277973Z 24.04.4
2026-08-16T10:37:38.1278996Z LTS
2026-08-16T10:37:38.1279887Z ##[endgroup]
2026-08-16T10:37:38.1281247Z ##[group]Runner Image
2026-08-16T10:37:38.1282322Z Image: ubuntu-24.04
2026-08-16T10:37:38.1283309Z Version: 20260810.271.1
2026-08-16T10:37:38.1285616Z Included Software: https://github.com/actions/runner-images/blob/ubuntu24/20260810.271/images/ubuntu/Ubuntu2404-Readme.md
2026-08-16T10:37:38.1288490Z Image Release: https://github.com/actions/runner-images/releases/tag/ubuntu24%2F20260810.271
2026-08-16T10:37:38.1290249Z ##[endgroup]
2026-08-16T10:37:38.1292764Z ##[group]GITHUB_TOKEN Permissions
2026-08-16T10:37:38.1295708Z Contents: read
2026-08-16T10:37:38.1296691Z Metadata: read
2026-08-16T10:37:38.1297767Z Packages: read
2026-08-16T10:37:38.1298706Z ##[endgroup]
2026-08-16T10:37:38.1302420Z Secret source: Actions
2026-08-16T10:37:38.1304494Z Prepare workflow directory
2026-08-16T10:37:38.1768903Z Prepare all required actions
2026-08-16T10:37:38.1839597Z Getting action download info
2026-08-16T10:37:38.3778678Z Download action repository 'actions/checkout@v4' (SHA:11d5960a326750d5838078e36cf38b85af677262)
2026-08-16T10:37:38.5136798Z Download action repository 'subosito/flutter-action@v2' (SHA:1a449444c387b1966244ae4d4f8c696479add0b2)
2026-08-16T10:37:38.6215373Z Download action repository 'actions/upload-artifact@v4' (SHA:ea165f8d65b6e75b540449e92b4886f43607fa02)
2026-08-16T10:37:38.7243714Z Download action repository 'softprops/action-gh-release@v2' (SHA:3bb12739c298aeb8a4eeaf626c5b8d85266b0e65)
2026-08-16T10:37:38.9210982Z Getting action download info
2026-08-16T10:37:38.9801777Z Download action repository 'actions/cache@v5' (SHA:caa296126883cff596d87d8935842f9db880ef25)
2026-08-16T10:37:39.1936570Z Complete job name: build
2026-08-16T10:37:39.2723039Z Node 20 is being deprecated. This workflow is running with Node 24 by default. If you need to temporarily use Node 20, you can set the ACTIONS_ALLOW_USE_UNSECURE_NODE_VERSION=true environment variable. For more information see: https://github.blog/changelog/2025-09-19-deprecation-of-node-20-on-github-actions-runners/
2026-08-16T10:37:39.2731962Z ##[group]Run actions/checkout@v4
2026-08-16T10:37:39.2732762Z with:
2026-08-16T10:37:39.2733257Z   repository: h223492759/jizhang-android
2026-08-16T10:37:39.2737407Z   token: ***
2026-08-16T10:37:39.2737868Z   ssh-strict: true
2026-08-16T10:37:39.2738342Z   ssh-user: git
2026-08-16T10:37:39.2738841Z   persist-credentials: true
2026-08-16T10:37:39.2739352Z   clean: true
2026-08-16T10:37:39.2739829Z   sparse-checkout-cone-mode: true
2026-08-16T10:37:39.2740381Z   fetch-depth: 1
2026-08-16T10:37:39.2741172Z   fetch-tags: false
2026-08-16T10:37:39.2741671Z   show-progress: true
2026-08-16T10:37:39.2742147Z   lfs: false
2026-08-16T10:37:39.2742628Z   submodules: false
2026-08-16T10:37:39.2743103Z   set-safe-directory: true
2026-08-16T10:37:39.2743635Z   allow-unsafe-pr-checkout: false
2026-08-16T10:37:39.2744500Z ##[endgroup]
2026-08-16T10:37:39.3783299Z Syncing repository: h223492759/jizhang-android
2026-08-16T10:37:39.3785386Z ##[group]Getting Git version info
2026-08-16T10:37:39.3786252Z Working directory is '/home/runner/work/jizhang-android/jizhang-android'
2026-08-16T10:37:39.3787404Z [command]/usr/bin/git version
2026-08-16T10:37:39.3828265Z git version 2.54.0
2026-08-16T10:37:39.3873333Z ##[endgroup]
2026-08-16T10:37:39.3879787Z Temporarily overriding HOME='/home/runner/work/_temp/0e2d0bac-206e-4f3a-9b84-1fdc3fe8164b' before making global git config changes
2026-08-16T10:37:39.3882637Z Adding repository directory to the temporary git global config as a safe directory
2026-08-16T10:37:39.3884830Z [command]/usr/bin/git config --global --add safe.directory /home/runner/work/jizhang-android/jizhang-android
2026-08-16T10:37:39.3934298Z Deleting the contents of '/home/runner/work/jizhang-android/jizhang-android'
2026-08-16T10:37:39.3937723Z ##[group]Initializing the repository
2026-08-16T10:37:39.3942648Z [command]/usr/bin/git init /home/runner/work/jizhang-android/jizhang-android
2026-08-16T10:37:39.4067978Z hint: Using 'master' as the name for the initial branch. This default branch name
2026-08-16T10:37:39.4070039Z hint: will change to "main" in Git 3.0. To configure the initial branch name
2026-08-16T10:37:39.4072371Z hint: to use in all of your new repositories, which will suppress this warning,
2026-08-16T10:37:39.4073929Z hint: call:
2026-08-16T10:37:39.4074853Z hint:
2026-08-16T10:37:39.4076097Z hint: 	git config --global init.defaultBranch <name>
2026-08-16T10:37:39.4077551Z hint:
2026-08-16T10:37:39.4078800Z hint: Names commonly chosen instead of 'master' are 'main', 'trunk' and
2026-08-16T10:37:39.4080966Z hint: 'development'. The just-created branch can be renamed via this command:
2026-08-16T10:37:39.4082673Z hint:
2026-08-16T10:37:39.4084605Z hint: 	git branch -m <name>
2026-08-16T10:37:39.4085922Z hint:
2026-08-16T10:37:39.4087130Z hint: Disable this message with "git config set advice.defaultBranchName false"
2026-08-16T10:37:39.4088507Z Initialized empty Git repository in /home/runner/work/jizhang-android/jizhang-android/.git/
2026-08-16T10:37:39.4092714Z [command]/usr/bin/git remote add origin https://github.com/h223492759/jizhang-android
2026-08-16T10:37:39.4129256Z ##[endgroup]
2026-08-16T10:37:39.4131008Z ##[group]Disabling automatic garbage collection
2026-08-16T10:37:39.4133938Z [command]/usr/bin/git config --local gc.auto 0
2026-08-16T10:37:39.4166231Z ##[endgroup]
2026-08-16T10:37:39.4168121Z ##[group]Setting up auth
2026-08-16T10:37:39.4175031Z [command]/usr/bin/git config --local --name-only --get-regexp core\.sshCommand
2026-08-16T10:37:39.4213364Z [command]/usr/bin/git submodule foreach --recursive sh -c "git config --local --name-only --get-regexp 'core\.sshCommand' && git config --local --unset-all 'core.sshCommand' || :"
2026-08-16T10:37:39.4605899Z [command]/usr/bin/git config --local --name-only --get-regexp http\.https\:\/\/github\.com\/\.extraheader
2026-08-16T10:37:39.4646461Z [command]/usr/bin/git submodule foreach --recursive sh -c "git config --local --name-only --get-regexp 'http\.https\:\/\/github\.com\/\.extraheader' && git config --local --unset-all 'http.https://github.com/.extraheader' || :"
2026-08-16T10:37:39.4867714Z [command]/usr/bin/git config --local --name-only --get-regexp ^includeIf\.gitdir:
2026-08-16T10:37:39.4905670Z [command]/usr/bin/git submodule foreach --recursive git config --local --show-origin --name-only --get-regexp remote.origin.url
2026-08-16T10:37:39.5125969Z [command]/usr/bin/git config --local http.https://github.com/.extraheader AUTHORIZATION: basic ***
2026-08-16T10:37:39.5163799Z ##[endgroup]
2026-08-16T10:37:39.5165136Z ##[group]Fetching the repository
2026-08-16T10:37:39.5174288Z [command]/usr/bin/git -c protocol.version=2 fetch --no-tags --prune --no-recurse-submodules --depth=1 origin +adf82cf61e5dcef3c15f4f0e103f5d3b7760b725:refs/tags/v260816-1837
2026-08-16T10:37:39.7517477Z From https://github.com/h223492759/jizhang-android
2026-08-16T10:37:39.7518703Z  * [new ref]         adf82cf61e5dcef3c15f4f0e103f5d3b7760b725 -> v260816-1837
2026-08-16T10:37:39.7553469Z ##[endgroup]
2026-08-16T10:37:39.7554832Z ##[group]Determining the checkout info
2026-08-16T10:37:39.7556425Z ##[endgroup]
2026-08-16T10:37:39.7561640Z [command]/usr/bin/git sparse-checkout disable
2026-08-16T10:37:39.7611102Z [command]/usr/bin/git config --local --unset-all extensions.worktreeConfig
2026-08-16T10:37:39.7642052Z ##[group]Checking out the ref
2026-08-16T10:37:39.7646015Z [command]/usr/bin/git checkout --progress --force refs/tags/v260816-1837
2026-08-16T10:37:39.7750275Z Note: switching to 'refs/tags/v260816-1837'.
2026-08-16T10:37:39.7751582Z 
2026-08-16T10:37:39.7752405Z You are in 'detached HEAD' state. You can look around, make experimental
2026-08-16T10:37:39.7754137Z changes and commit them, and you can discard any commits you make in this
2026-08-16T10:37:39.7755610Z state without impacting any branches by switching back to a branch.
2026-08-16T10:37:39.7756176Z 
2026-08-16T10:37:39.7756776Z If you want to create a new branch to retain commits you create, you may
2026-08-16T10:37:39.7757677Z do so (now or later) by using -c with the switch command. Example:
2026-08-16T10:37:39.7758313Z 
2026-08-16T10:37:39.7758797Z   git switch -c <new-branch-name>
2026-08-16T10:37:39.7759184Z 
2026-08-16T10:37:39.7759524Z Or undo this operation with:
2026-08-16T10:37:39.7759860Z 
2026-08-16T10:37:39.7760135Z   git switch -
2026-08-16T10:37:39.7760465Z 
2026-08-16T10:37:39.7761715Z Turn off this advice by setting config variable advice.detachedHead to false
2026-08-16T10:37:39.7762549Z 
2026-08-16T10:37:39.7763529Z HEAD is now at adf82cf ci: 修复 flutter create 因仓库目录含连字符导致失败（改用临时目录生成安卓壳）；稳健注入 cleartext + 中文 app 名
2026-08-16T10:37:39.7765336Z ##[endgroup]
2026-08-16T10:37:39.7802253Z [command]/usr/bin/git log -1 --format=%H
2026-08-16T10:37:39.7827892Z adf82cf61e5dcef3c15f4f0e103f5d3b7760b725
2026-08-16T10:37:39.8236165Z ##[group]Run subosito/flutter-action@v2
2026-08-16T10:37:39.8236816Z with:
2026-08-16T10:37:39.8237254Z   flutter-version: 3.22.3
2026-08-16T10:37:39.8237755Z   channel: stable
2026-08-16T10:37:39.8238212Z   architecture: X64
2026-08-16T10:37:39.8238687Z   cache: false
2026-08-16T10:37:39.8239147Z   pub-cache-path: default
2026-08-16T10:37:39.8239646Z   dry-run: false
2026-08-16T10:37:39.8240188Z   git-source: https://github.com/flutter/flutter.git
2026-08-16T10:37:39.8241041Z ##[endgroup]
2026-08-16T10:37:39.8303062Z ##[start-action display=Make yq tool available on Windows runners;id=__subosito_flutter-action.__run]
2026-08-16T10:37:39.8329648Z ##[end-action id=__subosito_flutter-action.__run;outcome=skipped;conclusion=skipped;duration_ms=0]
2026-08-16T10:37:39.8333942Z ##[start-action display=Make setup script executable;id=__subosito_flutter-action.__run_2]
2026-08-16T10:37:39.8376330Z ##[group]Run chmod +x "$GITHUB_ACTION_PATH/setup.sh"
2026-08-16T10:37:39.8377154Z [36;1mchmod +x "$GITHUB_ACTION_PATH/setup.sh"[0m
2026-08-16T10:37:39.8421295Z shell: /usr/bin/bash --noprofile --norc -e -o pipefail {0}
2026-08-16T10:37:39.8422525Z ##[endgroup]
2026-08-16T10:37:39.8528754Z ##[end-action id=__subosito_flutter-action.__run_2;outcome=success;conclusion=success;duration_ms=19]
2026-08-16T10:37:39.8532905Z ##[start-action display=Set action inputs;id=__subosito_flutter-action.flutter-action]
2026-08-16T10:37:39.8577000Z ##[group]Run $GITHUB_ACTION_PATH/setup.sh -p \
2026-08-16T10:37:39.8577720Z [36;1m$GITHUB_ACTION_PATH/setup.sh -p \[0m
2026-08-16T10:37:39.8578322Z [36;1m  -n '3.22.3' \[0m
2026-08-16T10:37:39.8578833Z [36;1m  -f '' \[0m
2026-08-16T10:37:39.8579296Z [36;1m  -a 'X64' \[0m
2026-08-16T10:37:39.8579760Z [36;1m  -k '' \[0m
2026-08-16T10:37:39.8580208Z [36;1m  -c '' \[0m
2026-08-16T10:37:39.8580887Z [36;1m  -l '' \[0m
2026-08-16T10:37:39.8581442Z [36;1m  -d 'default' \[0m
2026-08-16T10:37:39.8582053Z [36;1m  -g 'https://github.com/flutter/flutter.git' \[0m
2026-08-16T10:37:39.8582730Z [36;1m  stable[0m
2026-08-16T10:37:39.8616455Z shell: /usr/bin/bash --noprofile --norc -e -o pipefail {0}
2026-08-16T10:37:39.8617152Z ##[endgroup]
2026-08-16T10:37:40.0215651Z ##[end-action id=__subosito_flutter-action.flutter-action;outcome=success;conclusion=success;duration_ms=168]
2026-08-16T10:37:40.0223053Z ##[start-action display=Cache Flutter;id=__subosito_flutter-action.cache-flutter]
2026-08-16T10:37:40.0231099Z ##[end-action id=__subosito_flutter-action.cache-flutter;outcome=skipped;conclusion=skipped;duration_ms=0]
2026-08-16T10:37:40.0235395Z ##[start-action display=Cache pub dependencies;id=__subosito_flutter-action.cache-pub]
2026-08-16T10:37:40.0255362Z ##[end-action id=__subosito_flutter-action.cache-pub;outcome=skipped;conclusion=skipped;duration_ms=0]
2026-08-16T10:37:40.0259280Z ##[start-action display=Run setup script;id=__subosito_flutter-action.__run_3]
2026-08-16T10:37:40.0303723Z ##[group]Run $GITHUB_ACTION_PATH/setup.sh \
2026-08-16T10:37:40.0304453Z [36;1m$GITHUB_ACTION_PATH/setup.sh \[0m
2026-08-16T10:37:40.0305083Z [36;1m  -n '3.22.3' \[0m
2026-08-16T10:37:40.0305581Z [36;1m  -a 'x64' \[0m
2026-08-16T10:37:40.0306228Z [36;1m  -c '/opt/hostedtoolcache/flutter/stable-3.22.3-x64' \[0m
2026-08-16T10:37:40.0307059Z [36;1m  -d '/home/runner/.pub-cache' \[0m
2026-08-16T10:37:40.0307691Z [36;1m  stable[0m
2026-08-16T10:37:40.0344676Z shell: /usr/bin/bash --noprofile --norc -e -o pipefail {0}
2026-08-16T10:37:40.0345453Z ##[endgroup]
2026-08-16T10:37:40.1922563Z   % Total    % Received % Xferd  Average Speed   Time    Time     Time  Current
2026-08-16T10:37:40.1924297Z                                  Dload  Upload   Total   Spent    Left  Speed
2026-08-16T10:37:40.1924898Z 
2026-08-16T10:37:40.6857792Z   0     0    0     0    0     0      0      0 --:--:-- --:--:-- --:--:--     0
2026-08-16T10:37:41.6919442Z  15  715M   15  112M    0     0   228M      0  0:00:03 --:--:--  0:00:03  228M
2026-08-16T10:37:42.3906116Z  64  715M   64  463M    0     0   308M      0  0:00:02  0:00:01  0:00:01  308M
2026-08-16T10:38:11.6197638Z 100  715M  100  715M    0     0   325M      0  0:00:02  0:00:02 --:--:--  325M
2026-08-16T10:38:11.6218594Z ##[end-action id=__subosito_flutter-action.__run_3;outcome=success;conclusion=success;duration_ms=31595]
2026-08-16T10:38:11.6295342Z ##[group]Run flutter create --no-pub --platforms=android _gen_tmp
2026-08-16T10:38:11.6295907Z [36;1mflutter create --no-pub --platforms=android _gen_tmp[0m
2026-08-16T10:38:11.6296316Z [36;1mcp -r _gen_tmp/android .[0m
2026-08-16T10:38:11.6296624Z [36;1mrm -rf _gen_tmp[0m
2026-08-16T10:38:11.6339168Z shell: /usr/bin/bash -e {0}
2026-08-16T10:38:11.6339479Z env:
2026-08-16T10:38:11.6339825Z   FLUTTER_ROOT: /opt/hostedtoolcache/flutter/stable-3.22.3-x64/flutter
2026-08-16T10:38:11.6340265Z   PUB_CACHE: /home/runner/.pub-cache
2026-08-16T10:38:11.6340567Z ##[endgroup]
2026-08-16T10:38:11.9581500Z 
2026-08-16T10:38:11.9600206Z   ╔════════════════════════════════════════════════════════════════════════════╗
2026-08-16T10:38:11.9632521Z   ║                 Welcome to Flutter! - https://flutter.dev                  ║
2026-08-16T10:38:11.9633552Z   ║                                                                            ║
2026-08-16T10:38:11.9647036Z   ║ The Flutter tool uses Google Analytics to anonymously report feature usage ║
2026-08-16T10:38:11.9647670Z   ║ statistics and basic crash reports. This data is used to help improve      ║
2026-08-16T10:38:11.9648229Z   ║ Flutter tools over time.                                                   ║
2026-08-16T10:38:11.9648673Z   ║                                                                            ║
2026-08-16T10:38:11.9649185Z   ║ Flutter tool analytics are not sent on the very first run. To disable      ║
2026-08-16T10:38:11.9649768Z   ║ reporting, type 'flutter config --no-analytics'. To display the current    ║
2026-08-16T10:38:11.9650327Z   ║ setting, type 'flutter config'. If you opt out of analytics, an opt-out    ║
2026-08-16T10:38:11.9651230Z   ║ event will be sent, and then no further information will be sent by the    ║
2026-08-16T10:38:11.9651759Z   ║ Flutter tool.                                                              ║
2026-08-16T10:38:11.9652181Z   ║                                                                            ║
2026-08-16T10:38:11.9652659Z   ║ By downloading the Flutter SDK, you agree to the Google Terms of Service.  ║
2026-08-16T10:38:11.9653226Z   ║ The Google Privacy Policy describes how data is handled in this service.   ║
2026-08-16T10:38:11.9653731Z   ║                                                                            ║
2026-08-16T10:38:11.9654462Z   ║ Moreover, Flutter includes the Dart SDK, which may send usage metrics and  ║
2026-08-16T10:38:11.9655007Z   ║ crash reports to Google.                                                   ║
2026-08-16T10:38:11.9655456Z   ║                                                                            ║
2026-08-16T10:38:11.9655915Z   ║ Read about data we send with crash reports:                                ║
2026-08-16T10:38:11.9656523Z   ║ https://flutter.dev/docs/reference/crash-reporting                         ║
2026-08-16T10:38:11.9657064Z   ║                                                                            ║
2026-08-16T10:38:11.9657533Z   ║ See Google's privacy policy:                                               ║
2026-08-16T10:38:11.9658066Z   ║ https://policies.google.com/privacy                                        ║
2026-08-16T10:38:11.9658543Z   ║                                                                            ║
2026-08-16T10:38:11.9659012Z   ║ To disable animations in this tool, use                                    ║
2026-08-16T10:38:11.9659541Z   ║ 'flutter config --no-cli-animations'.                                      ║
2026-08-16T10:38:11.9660081Z   ╚════════════════════════════════════════════════════════════════════════════╝
2026-08-16T10:38:11.9660339Z 
2026-08-16T10:38:16.6637676Z Creating project _gen_tmp...
2026-08-16T10:38:17.4140076Z Wrote 35 files.
2026-08-16T10:38:17.4140326Z 
2026-08-16T10:38:17.4140451Z All done!
2026-08-16T10:38:17.4164092Z You can find general documentation for Flutter at: https://docs.flutter.dev/
2026-08-16T10:38:17.4165929Z Detailed API documentation is available at: https://api.flutter.dev/
2026-08-16T10:38:17.4167460Z If you prefer video documentation, consider: https://www.youtube.com/c/flutterdev
2026-08-16T10:38:17.4168460Z 
2026-08-16T10:38:17.4168923Z In order to run your application, type:
2026-08-16T10:38:17.4169547Z 
2026-08-16T10:38:17.4169965Z   $ cd _gen_tmp
2026-08-16T10:38:17.4172447Z   $ flutter run
2026-08-16T10:38:17.4172960Z 
2026-08-16T10:38:17.4173508Z Your application code is in _gen_tmp/lib/main.dart.
2026-08-16T10:38:17.4174245Z 
2026-08-16T10:38:19.0776199Z ##[group]Run python3 - <<'PY'
2026-08-16T10:38:19.0776543Z [36;1mpython3 - <<'PY'[0m
2026-08-16T10:38:19.0776772Z [36;1mimport re[0m
2026-08-16T10:38:19.0777033Z [36;1mp='android/app/src/main/AndroidManifest.xml'[0m
2026-08-16T10:38:19.0777361Z [36;1ms=open(p,encoding='utf-8').read()[0m
2026-08-16T10:38:19.0777725Z [36;1ms=re.sub(r'android:label="[^"]*"', 'android:label="记账本"', s)[0m
2026-08-16T10:38:19.0778095Z [36;1mif 'usesCleartextTraffic' not in s:[0m
2026-08-16T10:38:19.0778533Z [36;1m    s=s.replace('<manifest', '<manifest android:usesCleartextTraffic="true"', 1)[0m
2026-08-16T10:38:19.0778987Z [36;1mopen(p,'w',encoding='utf-8').write(s)[0m
2026-08-16T10:38:19.0779282Z [36;1mprint('manifest patched')[0m
2026-08-16T10:38:19.0779527Z [36;1mPY[0m
2026-08-16T10:38:19.0815627Z shell: /usr/bin/bash -e {0}
2026-08-16T10:38:19.0815883Z env:
2026-08-16T10:38:19.0816180Z   FLUTTER_ROOT: /opt/hostedtoolcache/flutter/stable-3.22.3-x64/flutter
2026-08-16T10:38:19.0816600Z   PUB_CACHE: /home/runner/.pub-cache
2026-08-16T10:38:19.0816856Z ##[endgroup]
2026-08-16T10:38:19.1040464Z manifest patched
2026-08-16T10:38:19.1099500Z ##[group]Run flutter pub get
2026-08-16T10:38:19.1099783Z [36;1mflutter pub get[0m
2026-08-16T10:38:19.1132536Z shell: /usr/bin/bash -e {0}
2026-08-16T10:38:19.1132779Z env:
2026-08-16T10:38:19.1133069Z   FLUTTER_ROOT: /opt/hostedtoolcache/flutter/stable-3.22.3-x64/flutter
2026-08-16T10:38:19.1133448Z   PUB_CACHE: /home/runner/.pub-cache
2026-08-16T10:38:19.1133695Z ##[endgroup]
2026-08-16T10:38:19.4215318Z Resolving dependencies...
2026-08-16T10:38:20.2825185Z Downloading packages...
2026-08-16T10:38:22.5894822Z + async 2.11.0 (2.13.1 available)
2026-08-16T10:38:22.5895469Z + boolean_selector 2.1.1 (2.1.2 available)
2026-08-16T10:38:22.5895887Z + characters 1.3.0 (1.4.1 available)
2026-08-16T10:38:22.5896453Z + clock 1.1.1 (1.1.2 available)
2026-08-16T10:38:22.5896729Z + collection 1.18.0 (1.19.1 available)
2026-08-16T10:38:22.5897010Z + dio 5.11.0
2026-08-16T10:38:22.5897226Z + dio_web_adapter 2.2.1
2026-08-16T10:38:22.5897463Z + equatable 2.1.0
2026-08-16T10:38:22.5897758Z + fake_async 1.3.1 (1.3.3 available)
2026-08-16T10:38:22.5898035Z + ffi 2.1.3 (2.2.0 available)
2026-08-16T10:38:22.5898280Z + file 7.0.1
2026-08-16T10:38:22.5898520Z + fl_chart 0.68.0 (1.2.0 available)
2026-08-16T10:38:22.5898797Z + flutter 0.0.0 from sdk flutter
2026-08-16T10:38:22.5899075Z + flutter_lints 4.0.0 (6.0.0 available)
2026-08-16T10:38:22.5899379Z + flutter_riverpod 2.6.1 (3.4.2 available)
2026-08-16T10:38:22.5899682Z + flutter_test 0.0.0 from sdk flutter
2026-08-16T10:38:22.5899981Z + flutter_web_plugins 0.0.0 from sdk flutter
2026-08-16T10:38:22.5900289Z + http_parser 4.0.2 (4.1.2 available)
2026-08-16T10:38:22.5900567Z + intl 0.19.0 (0.20.3 available)
2026-08-16T10:38:22.5901350Z + leak_tracker 10.0.4 (11.0.2 available)
2026-08-16T10:38:22.5901924Z + leak_tracker_flutter_testing 3.0.3 (3.0.10 available)
2026-08-16T10:38:22.5902482Z + leak_tracker_testing 3.0.1 (3.0.2 available)
2026-08-16T10:38:22.5902947Z + lints 4.0.0 (6.1.0 available)
2026-08-16T10:38:22.5903214Z + matcher 0.12.16+1 (0.12.20 available)
2026-08-16T10:38:22.5903530Z + material_color_utilities 0.8.0 (0.13.1 available)
2026-08-16T10:38:22.5903852Z + meta 1.12.0 (1.19.0 available)
2026-08-16T10:38:22.5904098Z + mime 2.0.0
2026-08-16T10:38:22.5904342Z + path 1.9.0 (1.9.1 available)
2026-08-16T10:38:22.5904622Z + path_provider_linux 2.2.1 (2.2.2 available)
2026-08-16T10:38:22.5904970Z + path_provider_platform_interface 2.1.2 (2.1.3 available)
2026-08-16T10:38:22.5905290Z + path_provider_windows 2.3.0
2026-08-16T10:38:22.5905521Z + platform 3.1.6
2026-08-16T10:38:22.5905734Z + plugin_platform_interface 2.1.8
2026-08-16T10:38:22.5905982Z + riverpod 2.6.1 (3.4.2 available)
2026-08-16T10:38:22.5906237Z + shared_preferences 2.3.3 (2.5.5 available)
2026-08-16T10:38:22.5906552Z + shared_preferences_android 2.3.2 (2.4.27 available)
2026-08-16T10:38:22.5906888Z + shared_preferences_foundation 2.5.4 (2.5.6 available)
2026-08-16T10:38:22.5907188Z + shared_preferences_linux 2.4.1
2026-08-16T10:38:22.5907496Z + shared_preferences_platform_interface 2.4.1 (2.4.2 available)
2026-08-16T10:38:22.5907838Z + shared_preferences_web 2.4.3
2026-08-16T10:38:22.5908080Z + shared_preferences_windows 2.4.1
2026-08-16T10:38:22.5908326Z + sky_engine 0.0.99 from sdk flutter
2026-08-16T10:38:22.5908576Z + source_span 1.10.0 (1.10.2 available)
2026-08-16T10:38:22.5908826Z + stack_trace 1.11.1 (1.12.1 available)
2026-08-16T10:38:22.5909069Z + state_notifier 1.0.0
2026-08-16T10:38:22.5909283Z + stream_channel 2.1.2 (2.1.4 available)
2026-08-16T10:38:22.5909539Z + string_scanner 1.2.0 (1.4.1 available)
2026-08-16T10:38:22.5909792Z + term_glyph 1.2.1 (1.2.2 available)
2026-08-16T10:38:22.5910039Z + test_api 0.7.0 (0.7.13 available)
2026-08-16T10:38:22.5910289Z + typed_data 1.3.2 (1.4.0 available)
2026-08-16T10:38:22.5910543Z + vector_math 2.1.4 (2.4.2 available)
2026-08-16T10:38:22.5910969Z + vm_service 14.2.1 (15.2.0 available)
2026-08-16T10:38:22.5911205Z + web 1.1.1
2026-08-16T10:38:22.5911392Z + xdg_directories 1.1.0
2026-08-16T10:38:22.5920533Z Changed 54 dependencies!
2026-08-16T10:38:22.5948790Z 36 packages have newer versions incompatible with dependency constraints.
2026-08-16T10:38:22.5949670Z Try `flutter pub outdated` for more information.
2026-08-16T10:38:22.8763877Z ##[group]Run flutter analyze --no-fatal-infos
2026-08-16T10:38:22.8764528Z [36;1mflutter analyze --no-fatal-infos[0m
2026-08-16T10:38:22.8816012Z shell: /usr/bin/bash -e {0}
2026-08-16T10:38:22.8816428Z env:
2026-08-16T10:38:22.8816899Z   FLUTTER_ROOT: /opt/hostedtoolcache/flutter/stable-3.22.3-x64/flutter
2026-08-16T10:38:22.8817527Z   PUB_CACHE: /home/runner/.pub-cache
2026-08-16T10:38:22.8817947Z ##[endgroup]
2026-08-16T10:38:32.2956338Z Analyzing jizhang-android...                                    
2026-08-16T10:38:32.2962974Z 
2026-08-16T10:38:32.3020461Z warning • Unused import: 'util.dart' • lib/core/api.dart:3:8 • unused_import
2026-08-16T10:38:32.3022080Z    info • Use interpolation to compose strings and values • lib/core/api.dart:23:18 • prefer_interpolation_to_compose_strings
2026-08-16T10:38:32.3023561Z   error • A value of type 'String' can't be assigned to a variable of type 'double' • lib/core/api.dart:202:38 • invalid_assignment
2026-08-16T10:38:32.3024859Z   error • Target of URI doesn't exist: 'core/api.dart' • lib/screens/assets/assets_page.dart:3:8 • uri_does_not_exist
2026-08-16T10:38:32.3026034Z   error • Target of URI doesn't exist: 'core/models.dart' • lib/screens/assets/assets_page.dart:4:8 • uri_does_not_exist
2026-08-16T10:38:32.3027164Z   error • Target of URI doesn't exist: 'core/theme.dart' • lib/screens/assets/assets_page.dart:5:8 • uri_does_not_exist
2026-08-16T10:38:32.3028281Z   error • Target of URI doesn't exist: 'core/util.dart' • lib/screens/assets/assets_page.dart:6:8 • uri_does_not_exist
2026-08-16T10:38:32.3029471Z   error • Target of URI doesn't exist: 'state/session.dart' • lib/screens/assets/assets_page.dart:7:8 • uri_does_not_exist
2026-08-16T10:38:32.3030881Z   error • Undefined class 'SavingsOverview' • lib/screens/assets/assets_page.dart:19:3 • undefined_class
2026-08-16T10:38:32.3032309Z   error • Undefined class 'WalletsData' • lib/screens/assets/assets_page.dart:20:3 • undefined_class
2026-08-16T10:38:32.3033927Z   error • The name 'Category' isn't a type, so it can't be used as a type argument • lib/screens/assets/assets_page.dart:21:8 • non_type_as_type_argument
2026-08-16T10:38:32.3035600Z warning • The value of the field '_expenseCats' isn't used • lib/screens/assets/assets_page.dart:21:18 • unused_field
2026-08-16T10:38:32.3036995Z   error • Undefined name 'apiProvider' • lib/screens/assets/assets_page.dart:34:28 • undefined_identifier
2026-08-16T10:38:32.3037982Z   error • Couldn't infer type parameter 'E'.
2026-08-16T10:38:32.3038316Z 
2026-08-16T10:38:32.3038561Z Tried to infer 'dynamic' for 'E' which doesn't work:
2026-08-16T10:38:32.3039096Z   Return type declared as 'List<E>'
2026-08-16T10:38:32.3039606Z               used where  'Iterable<Future<_>>' is required.
2026-08-16T10:38:32.3040139Z The type 'dynamic' was inferred from:
2026-08-16T10:38:32.3040592Z   Parameter 'element' declared as     'E'
2026-08-16T10:38:32.3041379Z                       but argument is 'dynamic'.
2026-08-16T10:38:32.3041699Z 
2026-08-16T10:38:32.3041978Z Consider passing explicit type argument(s) to the generic.
2026-08-16T10:38:32.3042395Z 
2026-08-16T10:38:32.3042782Z  • lib/screens/assets/assets_page.dart:35:35 • could_not_infer
2026-08-16T10:38:32.3044540Z   error • The argument type 'List<dynamic>' can't be assigned to the parameter type 'Iterable<Future<dynamic>>'.  • lib/screens/assets/assets_page.dart:35:35 • argument_type_not_assignable
2026-08-16T10:38:32.3046931Z   error • The name 'SavingsOverview' isn't a type, so it can't be used in an 'as' expression • lib/screens/assets/assets_page.dart:36:22 • cast_to_non_type
2026-08-16T10:38:32.3048857Z   error • The name 'WalletsData' isn't a type, so it can't be used in an 'as' expression • lib/screens/assets/assets_page.dart:37:26 • cast_to_non_type
2026-08-16T10:38:32.3050959Z   error • The name 'Category' isn't a type, so it can't be used as a type argument • lib/screens/assets/assets_page.dart:38:36 • non_type_as_type_argument
2026-08-16T10:38:32.3053275Z   error • The method 'toast' isn't defined for the type '_AssetsPageState' • lib/screens/assets/assets_page.dart:40:7 • undefined_method
2026-08-16T10:38:32.3054963Z   error • Undefined name 'AppColors' • lib/screens/assets/assets_page.dart:54:27 • undefined_identifier
2026-08-16T10:38:32.3056360Z   error • Undefined name 'AppColors' • lib/screens/assets/assets_page.dart:55:23 • undefined_identifier
2026-08-16T10:38:32.3057712Z   error • Invalid constant value • lib/screens/assets/assets_page.dart:84:59 • invalid_constant
2026-08-16T10:38:32.3059065Z   error • Undefined name 'AppColors' • lib/screens/assets/assets_page.dart:84:59 • undefined_identifier
2026-08-16T10:38:32.3091277Z   error • The method 'fmtMoney' isn't defined for the type '_AssetsPageState' • lib/screens/assets/assets_page.dart:89:24 • undefined_method
2026-08-16T10:38:32.3092953Z   error • Undefined name 'AppColors' • lib/screens/assets/assets_page.dart:95:34 • undefined_identifier
2026-08-16T10:38:32.3094314Z   error • Undefined name 'AppColors' • lib/screens/assets/assets_page.dart:96:52 • undefined_identifier
2026-08-16T10:38:32.3095893Z   error • The method 'fmtMoney' isn't defined for the type '_AssetsPageState' • lib/screens/assets/assets_page.dart:100:28 • undefined_method
2026-08-16T10:38:32.3097860Z   error • The method 'fmtMoney' isn't defined for the type '_AssetsPageState' • lib/screens/assets/assets_page.dart:102:28 • undefined_method
2026-08-16T10:38:32.3099350Z   error • Invalid constant value • lib/screens/assets/assets_page.dart:102:97 • invalid_constant
2026-08-16T10:38:32.3101014Z   error • Undefined name 'AppColors' • lib/screens/assets/assets_page.dart:102:97 • undefined_identifier
2026-08-16T10:38:32.3102666Z   error • The method 'fmtMoney' isn't defined for the type '_AssetsPageState' • lib/screens/assets/assets_page.dart:106:28 • undefined_method
2026-08-16T10:38:32.3104124Z   error • Invalid constant value • lib/screens/assets/assets_page.dart:106:93 • invalid_constant
2026-08-16T10:38:32.3105407Z   error • Undefined name 'AppColors' • lib/screens/assets/assets_page.dart:106:93 • undefined_identifier
2026-08-16T10:38:32.3107014Z   error • The method 'fmtMoney' isn't defined for the type '_AssetsPageState' • lib/screens/assets/assets_page.dart:108:28 • undefined_method
2026-08-16T10:38:32.3108485Z   error • Invalid constant value • lib/screens/assets/assets_page.dart:108:97 • invalid_constant
2026-08-16T10:38:32.3109744Z   error • Undefined name 'AppColors' • lib/screens/assets/assets_page.dart:108:97 • undefined_identifier
2026-08-16T10:38:32.3111207Z   error • Undefined class 'SavingsItem' • lib/screens/assets/assets_page.dart:126:20 • undefined_class
2026-08-16T10:38:32.3112642Z   error • Undefined name 'AppColors' • lib/screens/assets/assets_page.dart:130:47 • undefined_identifier
2026-08-16T10:38:32.3114136Z   error • Undefined name 'AppColors' • lib/screens/assets/assets_page.dart:130:85 • undefined_identifier
2026-08-16T10:38:32.3115502Z   error • Undefined name 'AppColors' • lib/screens/assets/assets_page.dart:132:41 • undefined_identifier
2026-08-16T10:38:32.3116824Z   error • Undefined name 'AppColors' • lib/screens/assets/assets_page.dart:132:61 • undefined_identifier
2026-08-16T10:38:32.3118070Z   error • Invalid constant value • lib/screens/assets/assets_page.dart:136:87 • invalid_constant
2026-08-16T10:38:32.3119323Z   error • Undefined name 'AppColors' • lib/screens/assets/assets_page.dart:136:87 • undefined_identifier
2026-08-16T10:38:32.3121072Z   error • The method 'fmtMoney' isn't defined for the type '_AssetsPageState' • lib/screens/assets/assets_page.dart:138:30 • undefined_method
2026-08-16T10:38:32.3122651Z   error • Undefined name 'AppColors' • lib/screens/assets/assets_page.dart:140:43 • undefined_identifier
2026-08-16T10:38:32.3123965Z   error • Undefined name 'AppColors' • lib/screens/assets/assets_page.dart:140:63 • undefined_identifier
2026-08-16T10:38:32.3125283Z   error • Undefined name 'apiProvider' • lib/screens/assets/assets_page.dart:164:24 • undefined_identifier
2026-08-16T10:38:32.3127099Z   error • The method 'toast' isn't defined for the type '_AssetsPageState' • lib/screens/assets/assets_page.dart:167:9 • undefined_method
2026-08-16T10:38:32.3128807Z   error • Undefined name 'apiProvider' • lib/screens/assets/assets_page.dart:206:24 • undefined_identifier
2026-08-16T10:38:32.3130392Z   error • The method 'toast' isn't defined for the type '_AssetsPageState' • lib/screens/assets/assets_page.dart:215:9 • undefined_method
2026-08-16T10:38:32.3159664Z   error • Undefined name 'AppColors' • lib/screens/assets/assets_page.dart:238:56 • undefined_identifier
2026-08-16T10:38:32.3161934Z   error • The method 'fmtMoney' isn't defined for the type '_AssetsPageState' • lib/screens/assets/assets_page.dart:247:30 • undefined_method
2026-08-16T10:38:32.3163906Z   error • The method 'fmtMoney' isn't defined for the type '_AssetsPageState' • lib/screens/assets/assets_page.dart:249:34 • undefined_method
2026-08-16T10:38:32.3165529Z   error • Invalid constant value • lib/screens/assets/assets_page.dart:249:101 • invalid_constant
2026-08-16T10:38:32.3166990Z   error • Undefined name 'AppColors' • lib/screens/assets/assets_page.dart:249:101 • undefined_identifier
2026-08-16T10:38:32.3168364Z   error • Invalid constant value • lib/screens/assets/assets_page.dart:260:63 • invalid_constant
2026-08-16T10:38:32.3169820Z   error • Undefined name 'AppColors' • lib/screens/assets/assets_page.dart:260:63 • undefined_identifier
2026-08-16T10:38:32.3171747Z   error • The method 'fmtMoney' isn't defined for the type '_AssetsPageState' • lib/screens/assets/assets_page.dart:262:20 • undefined_method
2026-08-16T10:38:32.3173413Z   error • Undefined name 'apiProvider' • lib/screens/assets/assets_page.dart:292:24 • undefined_identifier
2026-08-16T10:38:32.3175064Z   error • The method 'toast' isn't defined for the type '_AssetsPageState' • lib/screens/assets/assets_page.dart:300:9 • undefined_method
2026-08-16T10:38:32.3176759Z   error • Target of URI doesn't exist: 'core/theme.dart' • lib/screens/auth/login_page.dart:3:8 • uri_does_not_exist
2026-08-16T10:38:32.3178280Z   error • Target of URI doesn't exist: 'core/util.dart' • lib/screens/auth/login_page.dart:4:8 • uri_does_not_exist
2026-08-16T10:38:32.3179789Z   error • Target of URI doesn't exist: 'state/session.dart' • lib/screens/auth/login_page.dart:5:8 • uri_does_not_exist
2026-08-16T10:38:32.3181832Z   error • Target of URI doesn't exist: 'screens/server/server_list_page.dart' • lib/screens/auth/login_page.dart:6:8 • uri_does_not_exist
2026-08-16T10:38:32.3183652Z   error • The method 'toast' isn't defined for the type '_LoginPageState' • lib/screens/auth/login_page.dart:30:7 • undefined_method
2026-08-16T10:38:32.3185284Z   error • Undefined name 'sessionProvider' • lib/screens/auth/login_page.dart:35:22 • undefined_identifier
2026-08-16T10:38:32.3186968Z   error • The method 'toast' isn't defined for the type '_LoginPageState' • lib/screens/auth/login_page.dart:36:7 • undefined_method
2026-08-16T10:38:32.3188810Z   error • The method 'toast' isn't defined for the type '_LoginPageState' • lib/screens/auth/login_page.dart:39:7 • undefined_method
2026-08-16T10:38:32.3190471Z   error • Undefined name 'sessionProvider' • lib/screens/auth/login_page.dart:47:30 • undefined_identifier
2026-08-16T10:38:32.3192081Z   error • Invalid constant value • lib/screens/auth/login_page.dart:56:71 • invalid_constant
2026-08-16T10:38:32.3193394Z   error • Undefined name 'AppColors' • lib/screens/auth/login_page.dart:56:71 • undefined_identifier
2026-08-16T10:38:32.3194956Z   error • Undefined name 'AppColors' • lib/screens/auth/login_page.dart:63:24 • undefined_identifier
2026-08-16T10:38:32.3196460Z   error • The name 'ServerListPage' isn't a class • lib/screens/auth/login_page.dart:70:63 • creation_with_non_type
2026-08-16T10:38:32.3197917Z   error • Undefined name 'AppColors' • lib/screens/auth/login_page.dart:90:34 • undefined_identifier
2026-08-16T10:38:32.3199297Z   error • Undefined name 'AppColors' • lib/screens/auth/login_page.dart:91:34 • undefined_identifier
2026-08-16T10:38:32.3201141Z   error • Target of URI doesn't exist: 'core/api.dart' • lib/screens/bills/bills_page.dart:3:8 • uri_does_not_exist
2026-08-16T10:38:32.3202653Z   error • Target of URI doesn't exist: 'core/models.dart' • lib/screens/bills/bills_page.dart:4:8 • uri_does_not_exist
2026-08-16T10:38:32.3204083Z   error • Target of URI doesn't exist: 'core/theme.dart' • lib/screens/bills/bills_page.dart:5:8 • uri_does_not_exist
2026-08-16T10:38:32.3205480Z   error • Target of URI doesn't exist: 'core/util.dart' • lib/screens/bills/bills_page.dart:6:8 • uri_does_not_exist
2026-08-16T10:38:32.3207202Z   error • Target of URI doesn't exist: 'state/session.dart' • lib/screens/bills/bills_page.dart:7:8 • uri_does_not_exist
2026-08-16T10:38:32.3208549Z   error • Undefined class 'BillMonthly' • lib/screens/bills/bills_page.dart:18:3 • undefined_class
2026-08-16T10:38:32.3209896Z   error • Undefined class 'BillYearly' • lib/screens/bills/bills_page.dart:19:3 • undefined_class
2026-08-16T10:38:32.3211471Z   error • Undefined name 'apiProvider' • lib/screens/bills/bills_page.dart:31:28 • undefined_identifier
2026-08-16T10:38:32.3212977Z   error • The method 'toast' isn't defined for the type '_BillsPageState' • lib/screens/bills/bills_page.dart:38:7 • undefined_method
2026-08-16T10:38:32.3214358Z   error • Undefined class 'BillRow' • lib/screens/bills/bills_page.dart:93:19 • undefined_class
2026-08-16T10:38:32.3215575Z   error • Undefined name 'AppColors' • lib/screens/bills/bills_page.dart:98:34 • undefined_identifier
2026-08-16T10:38:32.3216821Z   error • Undefined name 'AppColors' • lib/screens/bills/bills_page.dart:99:35 • undefined_identifier
2026-08-16T10:38:32.3218090Z   error • Undefined name 'AppColors' • lib/screens/bills/bills_page.dart:100:35 • undefined_identifier
2026-08-16T10:38:32.3219345Z   error • Undefined name 'AppColors' • lib/screens/bills/bills_page.dart:101:44 • undefined_identifier
2026-08-16T10:38:32.3220542Z   error • Invalid constant value • lib/screens/bills/bills_page.dart:108:63 • invalid_constant
2026-08-16T10:38:32.3224529Z   error • Undefined name 'AppColors' • lib/screens/bills/bills_page.dart:108:63 • undefined_identifier
2026-08-16T10:38:32.3226081Z   error • The method 'fmtMoney' isn't defined for the type '_BillsPageState' • lib/screens/bills/bills_page.dart:110:16 • undefined_method
2026-08-16T10:38:32.3227524Z   error • Undefined class 'BillRow' • lib/screens/bills/bills_page.dart:114:15 • undefined_class
2026-08-16T10:38:32.3229004Z   error • The method 'fmtMoney' isn't defined for the type '_BillsPageState' • lib/screens/bills/bills_page.dart:122:25 • undefined_method
2026-08-16T10:38:32.3230515Z   error • Undefined name 'AppColors' • lib/screens/bills/bills_page.dart:122:71 • undefined_identifier
2026-08-16T10:38:32.3232281Z   error • The method 'fmtMoney' isn't defined for the type '_BillsPageState' • lib/screens/bills/bills_page.dart:123:25 • undefined_method
2026-08-16T10:38:32.3233750Z   error • Undefined name 'AppColors' • lib/screens/bills/bills_page.dart:123:72 • undefined_identifier
2026-08-16T10:38:32.3235025Z   error • Undefined name 'AppColors' • lib/screens/bills/bills_page.dart:130:42 • undefined_identifier
2026-08-16T10:38:32.3236285Z   error • Undefined name 'AppColors' • lib/screens/bills/bills_page.dart:139:35 • undefined_identifier
2026-08-16T10:38:32.3237535Z   error • Undefined name 'AppColors' • lib/screens/bills/bills_page.dart:143:54 • undefined_identifier
2026-08-16T10:38:32.3238817Z   error • Undefined name 'AppColors' • lib/screens/bills/bills_page.dart:143:71 • undefined_identifier
2026-08-16T10:38:32.3240195Z   error • Target of URI doesn't exist: 'core/theme.dart' • lib/screens/book/book_picker_page.dart:3:8 • uri_does_not_exist
2026-08-16T10:38:32.3242080Z   error • Target of URI doesn't exist: 'core/util.dart' • lib/screens/book/book_picker_page.dart:4:8 • uri_does_not_exist
2026-08-16T10:38:32.3243567Z   error • Target of URI doesn't exist: 'state/session.dart' • lib/screens/book/book_picker_page.dart:5:8 • uri_does_not_exist
2026-08-16T10:38:32.3245209Z   error • Undefined name 'sessionProvider' • lib/screens/book/book_picker_page.dart:17:20 • undefined_identifier
2026-08-16T10:38:32.3246620Z   error • Undefined name 'apiProvider' • lib/screens/book/book_picker_page.dart:44:22 • undefined_identifier
2026-08-16T10:38:32.3247997Z   error • Undefined name 'sessionProvider' • lib/screens/book/book_picker_page.dart:45:22 • undefined_identifier
2026-08-16T10:38:32.3249393Z   error • Undefined name 'sessionProvider' • lib/screens/book/book_picker_page.dart:46:30 • undefined_identifier
2026-08-16T10:38:32.3251183Z   error • The method 'toast' isn't defined for the type '_BookPickerPageState' • lib/screens/book/book_picker_page.dart:50:7 • undefined_method
2026-08-16T10:38:32.3252800Z   error • Undefined name 'sessionProvider' • lib/screens/book/book_picker_page.dart:58:29 • undefined_identifier
2026-08-16T10:38:32.3254101Z   error • Invalid constant value • lib/screens/book/book_picker_page.dart:69:38 • invalid_constant
2026-08-16T10:38:32.3255390Z   error • Undefined name 'AppColors' • lib/screens/book/book_picker_page.dart:69:38 • undefined_identifier
2026-08-16T10:38:32.3256661Z   error • Invalid constant value • lib/screens/book/book_picker_page.dart:70:52 • invalid_constant
2026-08-16T10:38:32.3257936Z   error • Undefined name 'AppColors' • lib/screens/book/book_picker_page.dart:70:52 • undefined_identifier
2026-08-16T10:38:32.3259302Z   error • Target of URI doesn't exist: 'core/api.dart' • lib/screens/budget/budget_page.dart:3:8 • uri_does_not_exist
2026-08-16T10:38:32.3260977Z   error • Target of URI doesn't exist: 'core/models.dart' • lib/screens/budget/budget_page.dart:4:8 • uri_does_not_exist
2026-08-16T10:38:32.3262456Z   error • Target of URI doesn't exist: 'core/theme.dart' • lib/screens/budget/budget_page.dart:5:8 • uri_does_not_exist
2026-08-16T10:38:32.3263878Z   error • Target of URI doesn't exist: 'core/util.dart' • lib/screens/budget/budget_page.dart:6:8 • uri_does_not_exist
2026-08-16T10:38:32.3265327Z   error • Target of URI doesn't exist: 'state/session.dart' • lib/screens/budget/budget_page.dart:7:8 • uri_does_not_exist
2026-08-16T10:38:32.3266674Z   error • Undefined class 'BudgetData' • lib/screens/budget/budget_page.dart:17:3 • undefined_class
2026-08-16T10:38:32.3268228Z   error • The name 'Category' isn't a type, so it can't be used as a type argument • lib/screens/budget/budget_page.dart:18:8 • non_type_as_type_argument
2026-08-16T10:38:32.3269764Z   error • Undefined name 'apiProvider' • lib/screens/budget/budget_page.dart:30:28 • undefined_identifier
2026-08-16T10:38:32.3270902Z   error • Couldn't infer type parameter 'E'.
2026-08-16T10:38:32.3271271Z 
2026-08-16T10:38:32.3271485Z Tried to infer 'dynamic' for 'E' which doesn't work:
2026-08-16T10:38:32.3272016Z   Return type declared as 'List<E>'
2026-08-16T10:38:32.3272512Z               used where  'Iterable<Future<_>>' is required.
2026-08-16T10:38:32.3273039Z The type 'dynamic' was inferred from:
2026-08-16T10:38:32.3273500Z   Parameter 'element' declared as     'E'
2026-08-16T10:38:32.3273973Z                       but argument is 'dynamic'.
2026-08-16T10:38:32.3274320Z 
2026-08-16T10:38:32.3274476Z Consider passing explicit type argument(s) to the generic.
2026-08-16T10:38:32.3274730Z 
2026-08-16T10:38:32.3274962Z  • lib/screens/budget/budget_page.dart:31:41 • could_not_infer
2026-08-16T10:38:32.3276154Z   error • The argument type 'List<dynamic>' can't be assigned to the parameter type 'Iterable<Future<dynamic>>'.  • lib/screens/budget/budget_page.dart:31:41 • argument_type_not_assignable
2026-08-16T10:38:32.3277766Z   error • The name 'BudgetData' isn't a type, so it can't be used in an 'as' expression • lib/screens/budget/budget_page.dart:32:29 • cast_to_non_type
2026-08-16T10:38:32.3279830Z   error • The name 'Category' isn't a type, so it can't be used as a type argument • lib/screens/budget/budget_page.dart:33:42 • non_type_as_type_argument
2026-08-16T10:38:32.3282087Z   error • The property 'type' can't be unconditionally accessed because the receiver can be 'null' • lib/screens/budget/budget_page.dart:33:68 • unchecked_use_of_nullable_value
2026-08-16T10:38:32.3284436Z   error • The method 'toast' isn't defined for the type '_BudgetPageState' • lib/screens/budget/budget_page.dart:35:7 • undefined_method
2026-08-16T10:38:32.3286201Z    info • Unnecessary braces in a string interpolation • lib/screens/budget/budget_page.dart:46:58 • unnecessary_brace_in_string_interps
2026-08-16T10:38:32.3287936Z   error • The method 'fmtMoney' isn't defined for the type '_BudgetPageState' • lib/screens/budget/budget_page.dart:53:35 • undefined_method
2026-08-16T10:38:32.3289674Z   error • The method 'fmtMoney' isn't defined for the type '_BudgetPageState' • lib/screens/budget/budget_page.dart:53:70 • undefined_method
2026-08-16T10:38:32.3291396Z   error • Undefined name 'apiProvider' • lib/screens/budget/budget_page.dart:75:22 • undefined_identifier
2026-08-16T10:38:32.3292929Z   error • The method 'toast' isn't defined for the type '_BudgetPageState' • lib/screens/budget/budget_page.dart:76:7 • undefined_method
2026-08-16T10:38:32.3294597Z   error • The method 'toast' isn't defined for the type '_BudgetPageState' • lib/screens/budget/budget_page.dart:79:7 • undefined_method
2026-08-16T10:38:32.3296027Z   error • Undefined class 'BudgetData' • lib/screens/budget/budget_page.dart:129:21 • undefined_class
2026-08-16T10:38:32.3297306Z   error • Undefined name 'AppColors' • lib/screens/budget/budget_page.dart:143:32 • undefined_identifier
2026-08-16T10:38:32.3298590Z   error • Undefined name 'AppColors' • lib/screens/budget/budget_page.dart:145:40 • undefined_identifier
2026-08-16T10:38:32.3299890Z   error • Undefined name 'AppColors' • lib/screens/budget/budget_page.dart:145:60 • undefined_identifier
2026-08-16T10:38:32.3301617Z   error • The method 'fmtMoney' isn't defined for the type '_BudgetPageState' • lib/screens/budget/budget_page.dart:149:26 • undefined_method
2026-08-16T10:38:32.3303126Z   error • Undefined name 'AppColors' • lib/screens/budget/budget_page.dart:149:76 • undefined_identifier
2026-08-16T10:38:32.3304669Z   error • The method 'fmtMoney' isn't defined for the type '_BudgetPageState' • lib/screens/budget/budget_page.dart:151:26 • undefined_method
2026-08-16T10:38:32.3306159Z   error • Undefined name 'AppColors' • lib/screens/budget/budget_page.dart:151:80 • undefined_identifier
2026-08-16T10:38:32.3307454Z   error • Undefined class 'BudgetCat' • lib/screens/budget/budget_page.dart:157:19 • undefined_class
2026-08-16T10:38:32.3308761Z   error • Undefined name 'AppColors' • lib/screens/budget/budget_page.dart:171:34 • undefined_identifier
2026-08-16T10:38:32.3310049Z   error • Undefined name 'AppColors' • lib/screens/budget/budget_page.dart:173:37 • undefined_identifier
2026-08-16T10:38:32.3313560Z   error • Undefined name 'AppColors' • lib/screens/budget/budget_page.dart:173:57 • undefined_identifier
2026-08-16T10:38:32.3315166Z   error • The method 'fmtMoney' isn't defined for the type '_BudgetPageState' • lib/screens/budget/budget_page.dart:176:26 • undefined_method
2026-08-16T10:38:32.3316941Z   error • The method 'fmtMoney' isn't defined for the type '_BudgetPageState' • lib/screens/budget/budget_page.dart:176:52 • undefined_method
2026-08-16T10:38:32.3318387Z   error • Invalid constant value • lib/screens/budget/budget_page.dart:177:63 • invalid_constant
2026-08-16T10:38:32.3319634Z   error • Undefined name 'AppColors' • lib/screens/budget/budget_page.dart:177:63 • undefined_identifier
2026-08-16T10:38:32.3321665Z   error • The property 'name' can't be unconditionally accessed because the receiver can be 'null' • lib/screens/budget/budget_page.dart:194:55 • unchecked_use_of_nullable_value
2026-08-16T10:38:32.3324560Z   error • The property 'icon' can't be unconditionally accessed because the receiver can be 'null' • lib/screens/budget/budget_page.dart:195:34 • unchecked_use_of_nullable_value
2026-08-16T10:38:32.3326773Z   error • The property 'name' can't be unconditionally accessed because the receiver can be 'null' • lib/screens/budget/budget_page.dart:195:44 • unchecked_use_of_nullable_value
2026-08-16T10:38:32.3328737Z   error • Target of URI doesn't exist: 'core/api.dart' • lib/screens/charts/charts_page.dart:5:8 • uri_does_not_exist
2026-08-16T10:38:32.3330190Z   error • Target of URI doesn't exist: 'core/models.dart' • lib/screens/charts/charts_page.dart:6:8 • uri_does_not_exist
2026-08-16T10:38:32.3331807Z   error • Target of URI doesn't exist: 'core/theme.dart' • lib/screens/charts/charts_page.dart:7:8 • uri_does_not_exist
2026-08-16T10:38:32.3333221Z   error • Target of URI doesn't exist: 'core/util.dart' • lib/screens/charts/charts_page.dart:8:8 • uri_does_not_exist
2026-08-16T10:38:32.3334687Z   error • Target of URI doesn't exist: 'state/session.dart' • lib/screens/charts/charts_page.dart:9:8 • uri_does_not_exist
2026-08-16T10:38:32.3336359Z   error • The name 'DailyStat' isn't a type, so it can't be used as a type argument • lib/screens/charts/charts_page.dart:21:8 • non_type_as_type_argument
2026-08-16T10:38:32.3338225Z   error • The name 'MonthlyStat' isn't a type, so it can't be used as a type argument • lib/screens/charts/charts_page.dart:22:8 • non_type_as_type_argument
2026-08-16T10:38:32.3340077Z   error • The name 'CatStat' isn't a type, so it can't be used as a type argument • lib/screens/charts/charts_page.dart:23:8 • non_type_as_type_argument
2026-08-16T10:38:32.3341798Z   error • Undefined name 'apiProvider' • lib/screens/charts/charts_page.dart:43:28 • undefined_identifier
2026-08-16T10:38:32.3343342Z   error • The method 'toast' isn't defined for the type '_ChartsPageState' • lib/screens/charts/charts_page.dart:54:7 • undefined_method
2026-08-16T10:38:32.3345365Z   error • The property 'expense' can't be unconditionally accessed because the receiver can be 'null' • lib/screens/charts/charts_page.dart:84:55 • unchecked_use_of_nullable_value
2026-08-16T10:38:32.3347602Z   error • The property 'income' can't be unconditionally accessed because the receiver can be 'null' • lib/screens/charts/charts_page.dart:84:67 • unchecked_use_of_nullable_value
2026-08-16T10:38:32.3349863Z   error • The operator '>' can't be unconditionally invoked because the receiver can be 'null' • lib/screens/charts/charts_page.dart:84:94 • unchecked_use_of_nullable_value
2026-08-16T10:38:32.3352358Z   error • The property 'expense' can't be unconditionally accessed because the receiver can be 'null' • lib/screens/charts/charts_page.dart:85:51 • unchecked_use_of_nullable_value
2026-08-16T10:38:32.3354609Z   error • The property 'income' can't be unconditionally accessed because the receiver can be 'null' • lib/screens/charts/charts_page.dart:85:63 • unchecked_use_of_nullable_value
2026-08-16T10:38:32.3356109Z   error • The operator '>' can't be unconditionally invoked because the receiver can be 'null' • lib/screens/charts/charts_page.dart:85:90 • unchecked_use_of_nullable_value
2026-08-16T10:38:32.3357066Z   error • Undefined name 'AppColors' • lib/screens/charts/charts_page.dart:89:40 • undefined_identifier
2026-08-16T10:38:32.3357784Z   error • Undefined name 'AppColors' • lib/screens/charts/charts_page.dart:89:60 • undefined_identifier
2026-08-16T10:38:32.3358694Z   error • Undefined name 'AppColors' • lib/screens/charts/charts_page.dart:116:30 • undefined_identifier
2026-08-16T10:38:32.3359457Z   error • Undefined name 'AppColors' • lib/screens/charts/charts_page.dart:118:67 • undefined_identifier
2026-08-16T10:38:32.3360198Z   error • Undefined name 'AppColors' • lib/screens/charts/charts_page.dart:146:40 • undefined_identifier
2026-08-16T10:38:32.3361157Z   error • Undefined name 'AppColors' • lib/screens/charts/charts_page.dart:155:33 • undefined_identifier
2026-08-16T10:38:32.3362106Z   error • Undefined name 'AppColors' • lib/screens/charts/charts_page.dart:159:52 • undefined_identifier
2026-08-16T10:38:32.3362848Z   error • Undefined name 'AppColors' • lib/screens/charts/charts_page.dart:159:69 • undefined_identifier
2026-08-16T10:38:32.3363722Z   error • The method 'BarRodData' isn't defined for the type '_ChartsPageState' • lib/screens/charts/charts_page.dart:210:11 • undefined_method
2026-08-16T10:38:32.3364560Z   error • Undefined class 'CatStat' • lib/screens/charts/charts_page.dart:231:18 • undefined_class
2026-08-16T10:38:32.3365264Z   error • Undefined name 'AppColors' • lib/screens/charts/charts_page.dart:243:32 • undefined_identifier
2026-08-16T10:38:32.3366121Z   error • The method 'fmtMoney' isn't defined for the type '_ChartsPageState' • lib/screens/charts/charts_page.dart:248:47 • undefined_method
2026-08-16T10:38:32.3367021Z   error • Target of URI doesn't exist: 'core/api.dart' • lib/screens/discover/discover_page.dart:3:8 • uri_does_not_exist
2026-08-16T10:38:32.3367866Z   error • Target of URI doesn't exist: 'core/models.dart' • lib/screens/discover/discover_page.dart:4:8 • uri_does_not_exist
2026-08-16T10:38:32.3368700Z   error • Target of URI doesn't exist: 'core/theme.dart' • lib/screens/discover/discover_page.dart:5:8 • uri_does_not_exist
2026-08-16T10:38:32.3369546Z   error • Target of URI doesn't exist: 'core/util.dart' • lib/screens/discover/discover_page.dart:6:8 • uri_does_not_exist
2026-08-16T10:38:32.3370412Z   error • Target of URI doesn't exist: 'state/session.dart' • lib/screens/discover/discover_page.dart:7:8 • uri_does_not_exist
2026-08-16T10:38:32.3371474Z   error • Undefined name 'apiProvider' • lib/screens/discover/discover_page.dart:33:32 • undefined_identifier
2026-08-16T10:38:32.3372245Z   error • Undefined name 'apiProvider' • lib/screens/discover/discover_page.dart:45:32 • undefined_identifier
2026-08-16T10:38:32.3373146Z   error • The method 'toast' isn't defined for the type '_DiscoverPageState' • lib/screens/discover/discover_page.dart:59:7 • undefined_method
2026-08-16T10:38:32.3374055Z   error • Undefined name 'apiProvider' • lib/screens/discover/discover_page.dart:63:22 • undefined_identifier
2026-08-16T10:38:32.3374952Z   error • The method 'ymdNow' isn't defined for the type '_DiscoverPageState' • lib/screens/discover/discover_page.dart:69:32 • undefined_method
2026-08-16T10:38:32.3375869Z   error • Undefined name 'dataVersionProvider' • lib/screens/discover/discover_page.dart:71:16 • undefined_identifier
2026-08-16T10:38:32.3376813Z   error • The method 'toast' isn't defined for the type '_DiscoverPageState' • lib/screens/discover/discover_page.dart:72:7 • undefined_method
2026-08-16T10:38:32.3377783Z   error • The method 'toast' isn't defined for the type '_DiscoverPageState' • lib/screens/discover/discover_page.dart:75:7 • undefined_method
2026-08-16T10:38:32.3378613Z   error • Invalid constant value • lib/screens/discover/discover_page.dart:85:108 • invalid_constant
2026-08-16T10:38:32.3379346Z   error • Undefined name 'AppColors' • lib/screens/discover/discover_page.dart:85:108 • undefined_identifier
2026-08-16T10:38:32.3380107Z   error • Undefined name 'AppColors' • lib/screens/discover/discover_page.dart:133:27 • undefined_identifier
2026-08-16T10:38:32.3381054Z   error • Undefined name 'AppColors' • lib/screens/discover/discover_page.dart:135:53 • undefined_identifier
2026-08-16T10:38:32.3381960Z   error • Undefined name 'AppColors' • lib/screens/discover/discover_page.dart:145:40 • undefined_identifier
2026-08-16T10:38:32.3382848Z   error • Undefined name 'AppColors' • lib/screens/discover/discover_page.dart:145:59 • undefined_identifier
2026-08-16T10:38:32.3383757Z   error • The method 'fmtMoney' isn't defined for the type '_DiscoverPageState' • lib/screens/discover/discover_page.dart:153:54 • undefined_method
2026-08-16T10:38:32.3384617Z   error • Invalid constant value • lib/screens/discover/discover_page.dart:161:55 • invalid_constant
2026-08-16T10:38:32.3385339Z   error • Undefined name 'AppColors' • lib/screens/discover/discover_page.dart:161:55 • undefined_identifier
2026-08-16T10:38:32.3386214Z   error • Undefined class 'AiParseResult' • lib/screens/discover/discover_page.dart:170:9 • undefined_class
2026-08-16T10:38:32.3386983Z   error • Target of URI doesn't exist: 'core/api.dart' • lib/screens/home/home_page.dart:4:8 • uri_does_not_exist
2026-08-16T10:38:32.3387856Z   error • Target of URI doesn't exist: 'core/models.dart' • lib/screens/home/home_page.dart:5:8 • uri_does_not_exist
2026-08-16T10:38:32.3389194Z   error • Target of URI doesn't exist: 'core/theme.dart' • lib/screens/home/home_page.dart:6:8 • uri_does_not_exist
2026-08-16T10:38:32.3389964Z   error • Target of URI doesn't exist: 'core/util.dart' • lib/screens/home/home_page.dart:7:8 • uri_does_not_exist
2026-08-16T10:38:32.3390971Z   error • Target of URI doesn't exist: 'state/session.dart' • lib/screens/home/home_page.dart:8:8 • uri_does_not_exist
2026-08-16T10:38:32.3391836Z   error • Target of URI doesn't exist: 'screens/bills/bills_page.dart' • lib/screens/home/home_page.dart:9:8 • uri_does_not_exist
2026-08-16T10:38:32.3392745Z   error • Target of URI doesn't exist: 'screens/budget/budget_page.dart' • lib/screens/home/home_page.dart:10:8 • uri_does_not_exist
2026-08-16T10:38:32.3393642Z   error • Target of URI doesn't exist: 'screens/assets/assets_page.dart' • lib/screens/home/home_page.dart:11:8 • uri_does_not_exist
2026-08-16T10:38:32.3394519Z   error • Target of URI doesn't exist: 'screens/me/me_page.dart' • lib/screens/home/home_page.dart:12:8 • uri_does_not_exist
2026-08-16T10:38:32.3395252Z   error • Undefined class 'Overview' • lib/screens/home/home_page.dart:22:3 • undefined_class
2026-08-16T10:38:32.3395967Z   error • Undefined name 'dataVersionProvider' • lib/screens/home/home_page.dart:31:22 • undefined_identifier
2026-08-16T10:38:32.3396708Z   error • Undefined name 'apiProvider' • lib/screens/home/home_page.dart:45:28 • undefined_identifier
2026-08-16T10:38:32.3397517Z   error • The method 'toast' isn't defined for the type '_HomePageState' • lib/screens/home/home_page.dart:59:9 • undefined_method
2026-08-16T10:38:32.3398434Z   error • The method 'datePart' isn't defined for the type '_HomePageState' • lib/screens/home/home_page.dart:81:17 • undefined_method
2026-08-16T10:38:32.3399309Z   error • The getter 'flowTime' isn't defined for the type 'Flow' • lib/screens/home/home_page.dart:81:28 • undefined_getter
2026-08-16T10:38:32.3400066Z   error • Undefined name 'AppColors' • lib/screens/home/home_page.dart:92:24 • undefined_identifier
2026-08-16T10:38:32.3401074Z   error • Undefined name 'AppColors' • lib/screens/home/home_page.dart:96:30 • undefined_identifier
2026-08-16T10:38:32.3402459Z   error • Undefined name 'AppColors' • lib/screens/home/home_page.dart:100:44 • undefined_identifier
2026-08-16T10:38:32.3403807Z   error • Undefined class 'Overview' • lib/screens/home/home_page.dart:134:23 • undefined_class
2026-08-16T10:38:32.3405122Z   error • Undefined name 'AppColors' • lib/screens/home/home_page.dart:136:14 • undefined_identifier
2026-08-16T10:38:32.3406519Z   error • Undefined name 'AppColors' • lib/screens/home/home_page.dart:144:43 • undefined_identifier
2026-08-16T10:38:32.3407960Z   error • Undefined name 'AppColors' • lib/screens/home/home_page.dart:145:42 • undefined_identifier
2026-08-16T10:38:32.3409271Z   error • Undefined name 'AppColors' • lib/screens/home/home_page.dart:146:54 • undefined_identifier
2026-08-16T10:38:32.3410593Z   error • Invalid constant value • lib/screens/home/home_page.dart:157:53 • invalid_constant
2026-08-16T10:38:32.3412388Z   error • Undefined name 'AppColors' • lib/screens/home/home_page.dart:157:53 • undefined_identifier
2026-08-16T10:38:32.3414061Z   error • The method 'fmtMoney' isn't defined for the type '_HomePageState' • lib/screens/home/home_page.dart:159:16 • undefined_method
2026-08-16T10:38:32.3415669Z   error • The name 'BillsPage' isn't a class • lib/screens/home/home_page.dart:167:104 • creation_with_non_type
2026-08-16T10:38:32.3416859Z   error • The name 'BudgetPage' isn't a class • lib/screens/home/home_page.dart:168:99 • creation_with_non_type
2026-08-16T10:38:32.3417820Z   error • The name 'AssetsPage' isn't a class • lib/screens/home/home_page.dart:169:98 • creation_with_non_type
2026-08-16T10:38:32.3418614Z   error • The name 'AssetsPage' isn't a class • lib/screens/home/home_page.dart:170:116 • creation_with_non_type
2026-08-16T10:38:32.3420029Z   error • The name 'MePage' isn't a class • lib/screens/home/home_page.dart:171:101 • creation_with_non_type
2026-08-16T10:38:32.3421702Z   error • Undefined name 'AppColors' • lib/screens/home/home_page.dart:174:14 • undefined_identifier
2026-08-16T10:38:32.3423067Z   error • Undefined name 'AppColors' • lib/screens/home/home_page.dart:188:44 • undefined_identifier
2026-08-16T10:38:32.3424425Z   error • Undefined name 'AppColors' • lib/screens/home/home_page.dart:189:52 • undefined_identifier
2026-08-16T10:38:32.3425734Z   error • Invalid constant value • lib/screens/home/home_page.dart:219:51 • invalid_constant
2026-08-16T10:38:32.3426658Z   error • Undefined name 'AppColors' • lib/screens/home/home_page.dart:219:51 • undefined_identifier
2026-08-16T10:38:32.3427485Z   error • The getter 'isExpense' isn't defined for the type 'Flow' • lib/screens/home/home_page.dart:231:23 • undefined_getter
2026-08-16T10:38:32.3429042Z   error • Undefined name 'AppColors' • lib/screens/home/home_page.dart:234:26 • undefined_identifier
2026-08-16T10:38:32.3430154Z   error • The getter 'category' isn't defined for the type 'Flow' • lib/screens/home/home_page.dart:235:23 • undefined_getter
2026-08-16T10:38:32.3432069Z   error • The getter 'category' isn't defined for the type 'Flow' • lib/screens/home/home_page.dart:235:47 • undefined_getter
2026-08-16T10:38:32.3433527Z   error • Invalid constant value • lib/screens/home/home_page.dart:236:43 • invalid_constant
2026-08-16T10:38:32.3434789Z   error • Undefined name 'AppColors' • lib/screens/home/home_page.dart:236:43 • undefined_identifier
2026-08-16T10:38:32.3436224Z   error • The getter 'category' isn't defined for the type 'Flow' • lib/screens/home/home_page.dart:238:21 • undefined_getter
2026-08-16T10:38:32.3437818Z   error • The getter 'description' isn't defined for the type 'Flow' • lib/screens/home/home_page.dart:239:24 • undefined_getter
2026-08-16T10:38:32.3439464Z   error • The getter 'description' isn't defined for the type 'Flow' • lib/screens/home/home_page.dart:239:51 • undefined_getter
2026-08-16T10:38:32.3441397Z   error • The getter 'attribution' isn't defined for the type 'Flow' • lib/screens/home/home_page.dart:239:68 • undefined_getter
2026-08-16T10:38:32.3443055Z   error • The getter 'attribution' isn't defined for the type 'Flow' • lib/screens/home/home_page.dart:239:101 • undefined_getter
2026-08-16T10:38:32.3444445Z   error • Invalid constant value • lib/screens/home/home_page.dart:240:55 • invalid_constant
2026-08-16T10:38:32.3445664Z   error • Undefined name 'AppColors' • lib/screens/home/home_page.dart:240:55 • undefined_identifier
2026-08-16T10:38:32.3447205Z   error • The method 'fmtMoney' isn't defined for the type '_HomePageState' • lib/screens/home/home_page.dart:242:34 • undefined_method
2026-08-16T10:38:32.3448873Z   error • The getter 'amount' isn't defined for the type 'Flow' • lib/screens/home/home_page.dart:242:45 • undefined_getter
2026-08-16T10:38:32.3450282Z   error • Undefined name 'AppColors' • lib/screens/home/home_page.dart:243:43 • undefined_identifier
2026-08-16T10:38:32.3452155Z   error • Undefined name 'AppColors' • lib/screens/home/home_page.dart:243:63 • undefined_identifier
2026-08-16T10:38:32.3453716Z   error • Target of URI doesn't exist: 'core/models.dart' • lib/screens/me/me_page.dart:3:8 • uri_does_not_exist
2026-08-16T10:38:32.3455245Z   error • Target of URI doesn't exist: 'core/theme.dart' • lib/screens/me/me_page.dart:4:8 • uri_does_not_exist
2026-08-16T10:38:32.3456970Z   error • Target of URI doesn't exist: 'core/util.dart' • lib/screens/me/me_page.dart:5:8 • uri_does_not_exist
2026-08-16T10:38:32.3458527Z   error • Target of URI doesn't exist: 'state/session.dart' • lib/screens/me/me_page.dart:6:8 • uri_does_not_exist
2026-08-16T10:38:32.3460551Z   error • Target of URI doesn't exist: 'screens/me/settings_page.dart' • lib/screens/me/me_page.dart:7:8 • uri_does_not_exist
2026-08-16T10:38:32.3462658Z   error • Target of URI doesn't exist: 'screens/server/server_list_page.dart' • lib/screens/me/me_page.dart:8:8 • uri_does_not_exist
2026-08-16T10:38:32.3464337Z   error • Undefined name 'sessionProvider' • lib/screens/me/me_page.dart:15:25 • undefined_identifier
2026-08-16T10:38:32.3465904Z   error • Undefined class 'Book' • lib/screens/me/me_page.dart:17:5 • undefined_class
2026-08-16T10:38:32.3467260Z   error • Undefined name 'AppColors' • lib/screens/me/me_page.dart:35:36 • undefined_identifier
2026-08-16T10:38:32.3468753Z   error • Invalid constant value • lib/screens/me/me_page.dart:52:86 • invalid_constant
2026-08-16T10:38:32.3470498Z   error • Undefined name 'AppColors' • lib/screens/me/me_page.dart:52:86 • undefined_identifier
2026-08-16T10:38:32.3472775Z   error • The name 'SettingsPage' isn't a class • lib/screens/me/me_page.dart:60:109 • creation_with_non_type
2026-08-16T10:38:32.3473851Z   error • The name 'ServerListPage' isn't a class • lib/screens/me/me_page.dart:63:114 • creation_with_non_type
2026-08-16T10:38:32.3474749Z   error • Undefined name 'sessionProvider' • lib/screens/me/me_page.dart:81:34 • undefined_identifier
2026-08-16T10:38:32.3475624Z   error • The method 'toast' isn't defined for the type 'MePage' • lib/screens/me/me_page.dart:82:40 • undefined_method
2026-08-16T10:38:32.3476502Z   error • Undefined name 'AppColors' • lib/screens/me/me_page.dart:96:38 • undefined_identifier
2026-08-16T10:38:32.3492635Z   error • Target of URI doesn't exist: 'core/theme.dart' • lib/screens/me/settings_page.dart:3:8 • uri_does_not_exist
2026-08-16T10:38:32.3493690Z   error • Target of URI doesn't exist: 'core/util.dart' • lib/screens/me/settings_page.dart:4:8 • uri_does_not_exist
2026-08-16T10:38:32.3494540Z   error • Target of URI doesn't exist: 'state/session.dart' • lib/screens/me/settings_page.dart:5:8 • uri_does_not_exist
2026-08-16T10:38:32.3495362Z warning • The value of the field '_loading' isn't used • lib/screens/me/settings_page.dart:17:8 • unused_field
2026-08-16T10:38:32.3496123Z   error • Undefined name 'apiProvider' • lib/screens/me/settings_page.dart:27:28 • undefined_identifier
2026-08-16T10:38:32.3496836Z   error • Undefined class 'AiStatus' • lib/screens/me/settings_page.dart:29:7 • undefined_class
2026-08-16T10:38:32.3497704Z   error • The method 'AiStatus' isn't defined for the type '_SettingsPageState' • lib/screens/me/settings_page.dart:33:14 • undefined_method
2026-08-16T10:38:32.3498668Z   error • The method 'toast' isn't defined for the type '_SettingsPageState' • lib/screens/me/settings_page.dart:45:7 • undefined_method
2026-08-16T10:38:32.3499514Z   error • Undefined name 'sessionProvider' • lib/screens/me/settings_page.dart:51:25 • undefined_identifier
2026-08-16T10:38:32.3500223Z   error • Invalid constant value • lib/screens/me/settings_page.dart:58:83 • invalid_constant
2026-08-16T10:38:32.3501713Z   error • Undefined name 'AppColors' • lib/screens/me/settings_page.dart:58:83 • undefined_identifier
2026-08-16T10:38:32.3502403Z   error • Invalid constant value • lib/screens/me/settings_page.dart:62:78 • invalid_constant
2026-08-16T10:38:32.3503080Z   error • Undefined name 'AppColors' • lib/screens/me/settings_page.dart:62:78 • undefined_identifier
2026-08-16T10:38:32.3503915Z   error • Invalid constant value • lib/screens/me/settings_page.dart:72:39 • invalid_constant
2026-08-16T10:38:32.3504595Z   error • Undefined name 'AppColors' • lib/screens/me/settings_page.dart:72:39 • undefined_identifier
2026-08-16T10:38:32.3505257Z   error • Invalid constant value • lib/screens/me/settings_page.dart:75:58 • invalid_constant
2026-08-16T10:38:32.3505919Z   error • Undefined name 'AppColors' • lib/screens/me/settings_page.dart:75:58 • undefined_identifier
2026-08-16T10:38:32.3506566Z   error • Invalid constant value • lib/screens/me/settings_page.dart:85:80 • invalid_constant
2026-08-16T10:38:32.3507280Z   error • Undefined name 'AppColors' • lib/screens/me/settings_page.dart:85:80 • undefined_identifier
2026-08-16T10:38:32.3508014Z warning • Unused import: 'package:intl/intl.dart' • lib/screens/record/record_sheet.dart:3:8 • unused_import
2026-08-16T10:38:32.3508812Z   error • Target of URI doesn't exist: 'core/api.dart' • lib/screens/record/record_sheet.dart:4:8 • uri_does_not_exist
2026-08-16T10:38:32.3509644Z   error • Target of URI doesn't exist: 'core/models.dart' • lib/screens/record/record_sheet.dart:5:8 • uri_does_not_exist
2026-08-16T10:38:32.3510445Z   error • Target of URI doesn't exist: 'core/theme.dart' • lib/screens/record/record_sheet.dart:6:8 • uri_does_not_exist
2026-08-16T10:38:32.3511495Z   error • Target of URI doesn't exist: 'core/util.dart' • lib/screens/record/record_sheet.dart:7:8 • uri_does_not_exist
2026-08-16T10:38:32.3512317Z   error • Target of URI doesn't exist: 'state/session.dart' • lib/screens/record/record_sheet.dart:8:8 • uri_does_not_exist
2026-08-16T10:38:32.3513268Z   error • The name 'Category' isn't a type, so it can't be used as a type argument • lib/screens/record/record_sheet.dart:18:8 • non_type_as_type_argument
2026-08-16T10:38:32.3514117Z   error • Undefined class 'Category' • lib/screens/record/record_sheet.dart:19:3 • undefined_class
2026-08-16T10:38:32.3514841Z   error • Undefined name 'apiProvider' • lib/screens/record/record_sheet.dart:36:30 • undefined_identifier
2026-08-16T10:38:32.3515742Z   error • The name 'Category' isn't a type, so it can't be used as a type argument • lib/screens/record/record_sheet.dart:43:8 • non_type_as_type_argument
2026-08-16T10:38:32.3516873Z   error • The property 'type' can't be unconditionally accessed because the receiver can be 'null' • lib/screens/record/record_sheet.dart:44:28 • unchecked_use_of_nullable_value
2026-08-16T10:38:32.3517957Z   error • The method 'toast' isn't defined for the type '_RecordSheetState' • lib/screens/record/record_sheet.dart:70:7 • undefined_method
2026-08-16T10:38:32.3518918Z   error • The method 'toast' isn't defined for the type '_RecordSheetState' • lib/screens/record/record_sheet.dart:75:7 • undefined_method
2026-08-16T10:38:32.3519744Z   error • Undefined name 'apiProvider' • lib/screens/record/record_sheet.dart:80:22 • undefined_identifier
2026-08-16T10:38:32.3520594Z   error • The method 'ymd' isn't defined for the type '_RecordSheetState' • lib/screens/record/record_sheet.dart:86:22 • undefined_method
2026-08-16T10:38:32.3521791Z   error • Undefined name 'dataVersionProvider' • lib/screens/record/record_sheet.dart:88:16 • undefined_identifier
2026-08-16T10:38:32.3522674Z   error • The method 'toast' isn't defined for the type '_RecordSheetState' • lib/screens/record/record_sheet.dart:89:7 • undefined_method
2026-08-16T10:38:32.3523599Z   error • The method 'toast' isn't defined for the type '_RecordSheetState' • lib/screens/record/record_sheet.dart:92:7 • undefined_method
2026-08-16T10:38:32.3524438Z   error • Undefined name 'AppColors' • lib/screens/record/record_sheet.dart:137:24 • undefined_identifier
2026-08-16T10:38:32.3525377Z   error • Undefined name 'AppColors' • lib/screens/record/record_sheet.dart:165:47 • undefined_identifier
2026-08-16T10:38:32.3526098Z   error • Undefined name 'AppColors' • lib/screens/record/record_sheet.dart:165:67 • undefined_identifier
2026-08-16T10:38:32.3526809Z   error • Undefined name 'AppColors' • lib/screens/record/record_sheet.dart:171:52 • undefined_identifier
2026-08-16T10:38:32.3527671Z   error • Undefined name 'AppColors' • lib/screens/record/record_sheet.dart:205:34 • undefined_identifier
2026-08-16T10:38:32.3528388Z   error • Undefined name 'AppColors' • lib/screens/record/record_sheet.dart:205:54 • undefined_identifier
2026-08-16T10:38:32.3529100Z   error • Undefined name 'AppColors' • lib/screens/record/record_sheet.dart:207:53 • undefined_identifier
2026-08-16T10:38:32.3529930Z   error • The method 'ymd' isn't defined for the type '_RecordSheetState' • lib/screens/record/record_sheet.dart:238:25 • undefined_method
2026-08-16T10:38:32.3531393Z   error • Undefined name 'AppColors' • lib/screens/record/record_sheet.dart:261:14 • undefined_identifier
2026-08-16T10:38:32.3532244Z   error • Invalid constant value • lib/screens/record/record_sheet.dart:265:84 • invalid_constant
2026-08-16T10:38:32.3533182Z   error • Undefined name 'AppColors' • lib/screens/record/record_sheet.dart:265:84 • undefined_identifier
2026-08-16T10:38:32.3533927Z   error • Undefined name 'AppColors' • lib/screens/record/record_sheet.dart:302:28 • undefined_identifier
2026-08-16T10:38:32.3534642Z   error • Undefined name 'AppColors' • lib/screens/record/record_sheet.dart:310:51 • undefined_identifier
2026-08-16T10:38:32.3535462Z   error • Target of URI doesn't exist: 'core/storage.dart' • lib/screens/server/server_list_page.dart:3:8 • uri_does_not_exist
2026-08-16T10:38:32.3536308Z   error • Target of URI doesn't exist: 'core/theme.dart' • lib/screens/server/server_list_page.dart:4:8 • uri_does_not_exist
2026-08-16T10:38:32.3537134Z   error • Target of URI doesn't exist: 'core/util.dart' • lib/screens/server/server_list_page.dart:5:8 • uri_does_not_exist
2026-08-16T10:38:32.3537998Z   error • Target of URI doesn't exist: 'state/session.dart' • lib/screens/server/server_list_page.dart:6:8 • uri_does_not_exist
2026-08-16T10:38:32.3538794Z   error • Undefined name 'Storage' • lib/screens/server/server_list_page.dart:25:24 • undefined_identifier
2026-08-16T10:38:32.3539531Z   error • Undefined name 'Storage' • lib/screens/server/server_list_page.dart:26:26 • undefined_identifier
2026-08-16T10:38:32.3540251Z   error • Undefined name 'Storage' • lib/screens/server/server_list_page.dart:34:11 • undefined_identifier
2026-08-16T10:38:32.3541440Z   error • The method 'toast' isn't defined for the type '_ServerListPageState' • lib/screens/server/server_list_page.dart:57:17 • undefined_method
2026-08-16T10:38:32.3542361Z   error • Undefined name 'sessionProvider' • lib/screens/server/server_list_page.dart:69:32 • undefined_identifier
2026-08-16T10:38:32.3543409Z    info • Don't use 'BuildContext's across async gaps, guarded by an unrelated 'mounted' check • lib/screens/server/server_list_page.dart:71:42 • use_build_context_synchronously
2026-08-16T10:38:32.3544419Z   error • Undefined name 'sessionProvider' • lib/screens/server/server_list_page.dart:85:22 • undefined_identifier
2026-08-16T10:38:32.3545211Z   error • Undefined name 'sessionProvider' • lib/screens/server/server_list_page.dart:90:20 • undefined_identifier
2026-08-16T10:38:32.3546118Z   error • The method 'toast' isn't defined for the type '_ServerListPageState' • lib/screens/server/server_list_page.dart:91:18 • undefined_method
2026-08-16T10:38:32.3546971Z   error • Invalid constant value • lib/screens/server/server_list_page.dart:103:41 • invalid_constant
2026-08-16T10:38:32.3547718Z   error • Undefined name 'AppColors' • lib/screens/server/server_list_page.dart:103:41 • undefined_identifier
2026-08-16T10:38:32.3548451Z   error • Invalid constant value • lib/screens/server/server_list_page.dart:107:57 • invalid_constant
2026-08-16T10:38:32.3549392Z   error • Undefined name 'AppColors' • lib/screens/server/server_list_page.dart:107:57 • undefined_identifier
2026-08-16T10:38:32.3550303Z   error • The method 'toast' isn't defined for the type '_ServerListPageState' • lib/screens/server/server_list_page.dart:110:62 • undefined_method
2026-08-16T10:38:32.3551441Z   error • Undefined name 'AppColors' • lib/screens/server/server_list_page.dart:120:30 • undefined_identifier
2026-08-16T10:38:32.3552326Z   error • Invalid constant value • lib/screens/server/server_list_page.dart:124:77 • invalid_constant
2026-08-16T10:38:32.3553068Z   error • Undefined name 'AppColors' • lib/screens/server/server_list_page.dart:124:77 • undefined_identifier
2026-08-16T10:38:32.3553791Z   error • Target of URI doesn't exist: 'core/api.dart' • lib/state/session.dart:2:8 • uri_does_not_exist
2026-08-16T10:38:32.3554488Z   error • Target of URI doesn't exist: 'core/models.dart' • lib/state/session.dart:3:8 • uri_does_not_exist
2026-08-16T10:38:32.3555223Z   error • Target of URI doesn't exist: 'core/storage.dart' • lib/state/session.dart:4:8 • uri_does_not_exist
2026-08-16T10:38:32.3556163Z   error • Undefined class 'User' • lib/state/session.dart:9:9 • undefined_class
2026-08-16T10:38:32.3557130Z   error • The name 'Book' isn't a type, so it can't be used as a type argument • lib/state/session.dart:11:14 • non_type_as_type_argument
2026-08-16T10:38:32.3557856Z   error • Undefined class 'User' • lib/state/session.dart:24:5 • undefined_class
2026-08-16T10:38:32.3558590Z   error • The name 'Book' isn't a type, so it can't be used as a type argument • lib/state/session.dart:26:10 • non_type_as_type_argument
2026-08-16T10:38:32.3559309Z   error • Undefined class 'ApiClient' • lib/state/session.dart:39:3 • undefined_class
2026-08-16T10:38:32.3560038Z   error • The method 'ApiClient' isn't defined for the type 'SessionState' • lib/state/session.dart:40:7 • undefined_method
2026-08-16T10:38:32.3561042Z   error • Undefined name 'Storage' • lib/state/session.dart:53:26 • undefined_identifier
2026-08-16T10:38:32.3561798Z   error • Undefined name 'Storage' • lib/state/session.dart:54:25 • undefined_identifier
2026-08-16T10:38:32.3562382Z   error • Undefined name 'Storage' • lib/state/session.dart:55:28 • undefined_identifier
2026-08-16T10:38:32.3562960Z   error • Undefined name 'Storage' • lib/state/session.dart:56:26 • undefined_identifier
2026-08-16T10:38:32.3563536Z   error • Undefined name 'User' • lib/state/session.dart:60:32 • undefined_identifier
2026-08-16T10:38:32.3564104Z   error • Undefined name 'Storage' • lib/state/session.dart:66:27 • undefined_identifier
2026-08-16T10:38:32.3564677Z   error • Undefined name 'Storage' • lib/state/session.dart:79:11 • undefined_identifier
2026-08-16T10:38:32.3565250Z   error • Undefined name 'Storage' • lib/state/session.dart:86:11 • undefined_identifier
2026-08-16T10:38:32.3566150Z   error • Undefined name 'Storage' • lib/state/session.dart:93:11 • undefined_identifier
2026-08-16T10:38:32.3567298Z   error • Undefined name 'Storage' • lib/state/session.dart:94:11 • undefined_identifier
2026-08-16T10:38:32.3568495Z   error • Undefined name 'Storage' • lib/state/session.dart:97:11 • undefined_identifier
2026-08-16T10:38:32.3569755Z   error • Undefined name 'Storage' • lib/state/session.dart:102:11 • undefined_identifier
2026-08-16T10:38:32.3571096Z   error • Undefined name 'Storage' • lib/state/session.dart:113:11 • undefined_identifier
2026-08-16T10:38:32.3572216Z   error • The name 'Book' isn't a type, so it can't be used as a type argument • lib/state/session.dart:117:28 • non_type_as_type_argument
2026-08-16T10:38:32.3573155Z    info • Use interpolation to compose strings and values • lib/state/session.dart:118:7 • prefer_interpolation_to_compose_strings
2026-08-16T10:38:32.3574228Z   error • The method 'toJsonString' can't be unconditionally invoked because the receiver can be 'null' • lib/state/session.dart:118:32 • unchecked_use_of_nullable_value
2026-08-16T10:38:32.3575277Z   error • The name 'ApiClient' isn't a type, so it can't be used as a type argument • lib/state/session.dart:126:30 • non_type_as_type_argument
2026-08-16T10:38:32.3576026Z 370 issues found. (ran in 8.7s)
2026-08-16T10:38:32.3576196Z 
2026-08-16T10:38:32.3679232Z ##[error]Process completed with exit code 1.
2026-08-16T10:38:32.3897372Z Post job cleanup.
2026-08-16T10:38:32.3979381Z Node 20 is being deprecated. This workflow is running with Node 24 by default. If you need to temporarily use Node 20, you can set the ACTIONS_ALLOW_USE_UNSECURE_NODE_VERSION=true environment variable. For more information see: https://github.blog/changelog/2025-09-19-deprecation-of-node-20-on-github-actions-runners/
2026-08-16T10:38:32.3981189Z Post job cleanup.
2026-08-16T10:38:32.4838437Z [command]/usr/bin/git version
2026-08-16T10:38:32.4915154Z git version 2.54.0
2026-08-16T10:38:32.4957263Z Temporarily overriding HOME='/home/runner/work/_temp/03c7a4e6-1c8d-4d53-af20-f859f49fe29f' before making global git config changes
2026-08-16T10:38:32.4959231Z Adding repository directory to the temporary git global config as a safe directory
2026-08-16T10:38:32.4963689Z [command]/usr/bin/git config --global --add safe.directory /home/runner/work/jizhang-android/jizhang-android
2026-08-16T10:38:32.5005203Z [command]/usr/bin/git config --local --name-only --get-regexp core\.sshCommand
2026-08-16T10:38:32.5048229Z [command]/usr/bin/git submodule foreach --recursive sh -c "git config --local --name-only --get-regexp 'core\.sshCommand' && git config --local --unset-all 'core.sshCommand' || :"
2026-08-16T10:38:32.5296238Z [command]/usr/bin/git config --local --name-only --get-regexp http\.https\:\/\/github\.com\/\.extraheader
2026-08-16T10:38:32.5340354Z http.https://github.com/.extraheader
2026-08-16T10:38:32.5353520Z [command]/usr/bin/git config --local --unset-all http.https://github.com/.extraheader
2026-08-16T10:38:32.5392958Z [command]/usr/bin/git submodule foreach --recursive sh -c "git config --local --name-only --get-regexp 'http\.https\:\/\/github\.com\/\.extraheader' && git config --local --unset-all 'http.https://github.com/.extraheader' || :"
2026-08-16T10:38:32.5687670Z [command]/usr/bin/git config --local --name-only --get-regexp ^includeIf\.gitdir:
2026-08-16T10:38:32.5732832Z [command]/usr/bin/git submodule foreach --recursive git config --local --show-origin --name-only --get-regexp remote.origin.url
2026-08-16T10:38:32.6167681Z Cleaning up orphan processes
2026-08-16T10:38:32.6474685Z ##[warning]Node.js 20 is deprecated. The following actions target Node.js 20 but are being forced to run on Node.js 24: actions/checkout@v4. For more information see: https://github.blog/changelog/2025-09-19-deprecation-of-node-20-on-github-actions-runners/
